// Jest Snapshot v1, https://goo.gl/fbAQLP

exports[`Should render ExpenseListItem correctly 1`] = `
<div>
  <ul>
    <Link
      replace={false}
      to="/edit/1"
    >
      <li>
        Nuts
      </li>
    </Link>
    <p>
      $1.95
      -
      December 31st, 1969
      -
    </p>
  </ul>
</div>
`;
